2026-08-06T09:43:26+03:00 | APPLIED | Вельская диван.txt.txt
2026-08-06T09:45:20+03:00 | APPLIED | Запрет Microsoft.txt.txt
2026-08-06T10:03:58+03:00 | APPLIED | Запрет Mozilla Разработчики.txt_allow.txt
2026-08-06T10:03:59+03:00 | APPLIED | Запрет Mozilla Разработчики.txt_block.txt
2026-08-06T10:10:14+03:00 | APPLIED | Запрет мессенджеров 2.txt.txt
2026-08-06T10:11:38+03:00 | APPLIED | Запрет мессенджеров.txt_allow.txt
2026-08-06T10:27:11+03:00 | APPLIED | Запрет мессенджеров.txt_block.txt
2026-08-06T11:48:14+03:00 | APPLIED | Запрет удаленного управления.txt.txt
2026-08-06T11:48:46+03:00 | APPLIED | Запреты Ex-AKR-B.txt_allow.txt
2026-08-06T11:50:06+03:00 | APPLIED | Запреты Ex-AKR-B.txt_block.txt
2026-08-06T12:22:37+03:00 | APPLIED | Запреты для 1С.txt_allow.txt
2026-08-06T12:22:37+03:00 | APPLIED | Запреты для 1С.txt_block.txt
2026-08-06T12:22:43+03:00 | APPLIED | Запреты Кадры.txt_allow.txt
2026-08-06T12:28:07+03:00 | APPLIED | Запреты Кадры.txt_block.txt
2026-08-06T12:44:05+03:00 | APPLIED | Запреты менеджеров ХК.txt.txt
2026-08-06T12:53:05+03:00 | APPLIED | Запреты общие базовые.txt_allow.txt
2026-08-06T13:06:28+03:00 | APPLIED | Запреты общие базовые.txt_block.txt
2026-08-06T13:13:10+03:00 | APPLIED | Запреты общие жесткие +.txt_allow.txt
2026-08-06T13:14:53+03:00 | APPLIED | Запреты общие жесткие +.txt_block.txt
2026-08-06T13:16:13+03:00 | APPLIED | Запреты общие жесткие.txt_allow.txt
2026-08-06T13:17:19+03:00 | APPLIED | Запреты общие жесткие.txt_block.txt
2026-08-07T09:59:59+03:00 | APPLIED | Запреты ТОП менеджеров.txt.txt
2026-08-07T15:08:45+03:00 | APPLIED | НиД Прохоров.txt.txt
2026-08-07T15:09:59+03:00 | APPLIED | Разрешенные сайты.txt.txt
2026-08-07T15:18:11+03:00 | APPLIED | Следящие сервисы жесткие.txt.txt
2026-08-07T15:46:00+03:00 | APPLIED | Социальные сети Level1.txt.txt
2026-08-07T15:47:22+03:00 | APPLIED | Храмцова.txt.txt
2026-08-07T15:48:54+03:00 | APPLIED | Социальные сети Level2.txt_allow.txt
2026-08-07T15:51:08+03:00 | APPLIED | Социальные сети Level2.txt_block.txt
